// Jest Snapshot v1, https://goo.gl/fbAQLP

exports[`OrderProductInfoList renders correctly when orderStatus does not exist 1`] = `null`;

exports[`OrderProductInfoList renders correctly when orderStatus does not have line items 1`] = `null`;

exports[`OrderProductInfoList renders correctly with default props 1`] = `null`;
