// Jest Snapshot v1, https://goo.gl/fbAQLP

exports[`Affirm renders correctly when affirm is loaded 1`] = `
<button
  className="affirm-button"
  value="Affirm Checkout"
>
  Pay with 
  <img
    alt="Affirm Logo"
    src="test-file-stub"
  />
</button>
`;

exports[`Affirm renders correctly when affirm is not loaded 1`] = `null`;
