// Jest Snapshot v1, https://goo.gl/fbAQLP

exports[`SynchronyReturn renders correctly 1`] = `
<div
  className="synchrony-return"
>
  <span
    className="although"
  >
    Although Synchrony Bank is unable to approve credit for you at this time,
  </span>
  <span
    className="please"
  >
    Please check out some other 
    <span
      className="blue"
    >
      payment options
    </span>
     below:
  </span>
  <div
    className="payment-options"
  >
    <div
      className="grid-x"
    >
      <div
        className="small-6 medium-4"
      >
        <img
          alt="Visa, MasterCard, American Express, Discover: Credit Card"
          src="test-file-stub"
        />
      </div>
      <div
        className="small-6 medium-4"
      >
        <img
          alt="Paypal: Online Only"
          src="test-file-stub"
        />
      </div>
      <div
        className="small-6 medium-4"
      >
        <img
          alt="Affirm: Online Only"
          src="test-file-stub"
        />
      </div>
      <div
        className="small-6 medium-4"
      >
        <img
          alt="Visa Checkout: Online Only"
          src="test-file-stub"
        />
      </div>
      <div
        className="small-6 medium-4"
      >
        <a
          gtm-action="specialty finance click"
          gtm-category="synchrony-return"
          gtm-label="specialty finance"
          gtm-value={null}
          href="/stores"
          onBlur={null}
          onClick={[Function]}
          onFocus={null}
          onKeyDownCapture={null}
        >
          <img
            alt=""
            aria-hidden="true"
            role="presentation"
            src="test-file-stub"
          />
          <span
            className="hide508"
          >
            Specialty Finance Options with 6 months deferred intrest if approved: In store only. Find a showroom.
          </span>
        </a>
      </div>
      <div
        className="small-6 medium-4"
      >
        <a
          gtm-action="acceptance now click"
          gtm-category="synchrony-return"
          gtm-label="acceptance now"
          gtm-value={null}
          href="/stores"
          onBlur={null}
          onClick={[Function]}
          onFocus={null}
          onKeyDownCapture={null}
        >
          <img
            alt=""
            aria-hidden="true"
            role="presentation"
            src="test-file-stub"
          />
          <span
            className="hide508"
          >
            Acceptance Now: In store only. Find a showroom.
          </span>
        </a>
      </div>
    </div>
  </div>
  <a
    aria-describedby="synchrony-return-title"
    className="blue-action-btn"
    gtm-action="click"
    gtm-category="synchrony-return"
    gtm-label="shop now"
    gtm-value={null}
    href="/"
    id="synchrony-return-shop-btn"
    onBlur={null}
    onClick={[Function]}
    onFocus={null}
    onKeyDownCapture={null}
  >
    Shop Now
  </a>
</div>
`;
